// Jest Snapshot v1, https://goo.gl/fbAQLP

exports[`Components > Paragraph should match snapshot 1`] = `
<p>
  Lorem ipsum
</p>
`;
