// Jest Snapshot v1, https://goo.gl/fbAQLP

exports[`Components > Page should match snapshot 1`] = `
<main
  className="root"
  style={
    Object {
      "opacity": 0,
    }
  }
/>
`;
