// Jest Snapshot v1, https://goo.gl/fbAQLP

exports[`Home module > SlideshowButton should match snapshot 1`] = `
<div>
  <button
    className="root"
    onClick={[MockFunction]}
  >
    <svg
      aria-hidden="true"
      className="root icon"
      fill="currentColor"
      viewBox="0 0 24 24"
      xmlns="http://www.w3.org/2000/svg"
    >
      <path
        clipRule="evenodd"
        d="M16.28 11.47a.75.75 0 010 1.06l-7.5 7.5a.75.75 0 01-1.06-1.06L14.69 12 7.72 5.03a.75.75 0 011.06-1.06l7.5 7.5z"
        fillRule="evenodd"
      />
    </svg>
  </button>
  <button
    className="root"
    onClick={[MockFunction]}
  >
    <svg
      aria-hidden="true"
      className="root icon"
      fill="currentColor"
      viewBox="0 0 24 24"
      xmlns="http://www.w3.org/2000/svg"
    >
      <path
        clipRule="evenodd"
        d="M7.72 12.53a.75.75 0 010-1.06l7.5-7.5a.75.75 0 111.06 1.06L9.31 12l6.97 6.97a.75.75 0 11-1.06 1.06l-7.5-7.5z"
        fillRule="evenodd"
      />
    </svg>
  </button>
</div>
`;
