// Jest Snapshot v1, https://goo.gl/fbAQLP

exports[`Home module > Title should match snapshot 1`] = `
<h1
  className="root"
>
  Lorem ipsum
</h1>
`;
